// Jest Snapshot v1, https://goo.gl/fbAQLP

exports[`<App /> should match snapshot 1`] = `
<StaticRouter>
  <Router
    history={
      Object {
        "action": "POP",
        "block": [Function],
        "createHref": [Function],
        "go": [Function],
        "goBack": [Function],
        "goForward": [Function],
        "listen": [Function],
        "location": Object {
          "hash": "",
          "pathname": "/",
          "search": "",
          "state": undefined,
        },
        "push": [Function],
        "replace": [Function],
      }
    }
    staticContext={Object {}}
  >
    <App>
      <div
        className="text-gray-900"
        style={
          Object {
            "fontFamily": "Lato, sans-serif",
          }
        }
      >
        <Suspense
          fallback={<DecoratedContainer />}
        >
          <Switch>
            <Route
              component={
                Object {
                  "$$typeof": Symbol(react.lazy),
                  "_ctor": [Function],
                  "_result": Promise {},
                  "_status": 0,
                }
              }
              computedMatch={
                Object {
                  "isExact": true,
                  "params": Object {},
                  "path": "/",
                  "url": "/",
                }
              }
              exact={true}
              location={
                Object {
                  "hash": "",
                  "pathname": "/",
                  "search": "",
                  "state": undefined,
                }
              }
              path="/"
            />
          </Switch>
          <DecoratedContainer>
            <DottedBackground
              className="min-h-screen flex flex-col"
              style={Object {}}
            >
              <div
                className="min-h-screen flex flex-col"
                style={
                  Object {
                    "backgroundImage": "url(test-file-stub)",
                  }
                }
              >
                <div
                  className="w-full h-2 bg-teal-500"
                />
                <div
                  className="flex-grow flex items-center justify-center"
                />
              </div>
            </DottedBackground>
          </DecoratedContainer>
        </Suspense>
      </div>
    </App>
  </Router>
</StaticRouter>
`;
